C:/Users/padam/STM32CubeIDE/workspace_2.0.0/stm32cubef4-v1-28-3/STM32Cube_FW_F4_V1.28.0/Drivers/CMSIS/Include/core_cm4.h:1684:22:__NVIC_EnableIRQ	16	static,ignoring_inline_asm
../Src/main.c:20:6:clock_init	4	static
../Src/main.c:43:6:TRGO_init	8	static
../Src/main.c:59:6:ADC_init	4	static
../Src/main.c:80:6:DMA_init	8	static
../Src/main.c:110:6:UART_push	24	static
../Src/main.c:122:6:USART2_IRQHandler	4	static
../Src/main.c:140:6:UART_init	8	static
../Src/main.c:160:6:DMA2_Stream0_IRQHandler	4	static
../Src/main.c:183:6:EXTI15_10_IRQHandler	4	static
../Src/main.c:193:6:P13_init	8	static
../Src/main.c:209:6:A0_init	4	static
../Src/main.c:214:6:led_init	4	static
../Src/main.c:220:6:led_toggle	4	static
../Src/main.c:228:6:TIM2_IRQHandler	4	static
../Src/main.c:238:6:DWT_init	4	static
../Src/main.c:245:6:IWDG_init	4	static
../Src/main.c:271:5:main	24	static
