C:/Users/padam/STM32CubeIDE/workspace_2.0.0/stm32cubef4-v1-28-3/STM32Cube_FW_F4_V1.28.0/Drivers/CMSIS/Include/core_cm4.h:1684:22:__NVIC_EnableIRQ	16	static,ignoring_inline_asm
../Src/main.c:4:6:clock_init	4	static
../Src/main.c:27:6:TRGO_init	4	static
../Src/main.c:38:6:ADC_init	4	static
../Src/main.c:59:6:DMA_init	8	static
../Src/main.c:89:6:UART_push	24	static
../Src/main.c:100:6:USART2_IRQHandler	4	static
../Src/main.c:117:6:UART_init	8	static
../Src/main.c:135:6:DMA2_Stream0_IRQHandler	16	static
../Src/main.c:162:6:EXTI15_10_IRQHandler	4	static
../Src/main.c:172:6:P13_init	8	static
../Src/main.c:191:6:A0_init	4	static
../Src/main.c:196:6:led_init	4	static
../Src/main.c:202:5:main	8	static
